<?php

namespace App\Filament\Forms\Components\Custom;

use Filament\Forms\Components\Field;

class NestedField extends Field
{
    protected string $view = 'filament.forms.components.custom.nested-field';
}
