<?php

namespace App\Filament\Forms\Components;

use Filament\Forms\Components\Field;

class CustomField extends Field
{
    protected string $view = 'filament.forms.components.custom-field';
}
