<?php

namespace App\Filament\Widgets;

use Filament\Widgets\Widget;

class CustomWidget extends Widget
{
    protected string $view = 'filament.widgets.custom-widget';
}
