<?php

namespace App\Filament\Widgets;

use Filament\Widgets\StatsOverviewWidget as BaseStatsOverviewWidget;
use Filament\Widgets\StatsOverviewWidget\Stat;

class StatsOverviewWidget extends BaseStatsOverviewWidget
{
    protected function getStats(): array
    {
        return [
            //
        ];
    }
}
