<?php

namespace App\Filament\Tables;

use App\Models\User;
use Filament\Actions\BulkActionGroup;
use Filament\Tables\Table;
use Illuminate\Database\Eloquent\Builder;

class CustomTable
{
    public static function configure(Table $table): Table
    {
        return $table
            ->query(fn (): Builder => User::query())
            ->columns([
                //
            ])
            ->filters([
                //
            ])
            ->headerActions([
                //
            ])
            ->recordActions([
                //
            ])
            ->toolbarActions([
                BulkActionGroup::make([
                    //
                ]),
            ]);
    }
}
