<?php

namespace App\Livewire;

use Filament\Actions\Concerns\InteractsWithActions;
use Filament\Actions\Contracts\HasActions;
use Filament\Schemas\Concerns\InteractsWithSchemas;
use Filament\Schemas\Contracts\HasSchemas;
use Filament\Schemas\Schema;
use Illuminate\Contracts\View\View;
use Livewire\Component;

class ViewBlogPost extends Component implements HasActions, HasSchemas
{
    use InteractsWithActions;
    use InteractsWithSchemas;

    public function content(Schema $schema): Schema
    {
        return $schema
            ->components([
                //
            ]);
    }

    public function render(): View
    {
        return view('livewire.view-blog-post');
    }
}
