<?php

namespace App\Filament\Schemas;

use Filament\Schemas\Schema;

class BlogPostForm
{
    public static function configure(Schema $schema): Schema
    {
        return $schema
            ->components([
                //
            ]);
    }
}
