<?php

namespace App\Filament\Tables\Columns;

use Filament\Tables\Columns\Column;

class CustomColumn extends Column
{
    protected string $view = 'filament.tables.columns.custom-column';
}
