<?php

namespace App\Livewire\Blog;

use Filament\Actions\Concerns\InteractsWithActions;
use Filament\Actions\Contracts\HasActions;
use Filament\Schemas\Concerns\InteractsWithSchemas;
use Filament\Schemas\Contracts\HasSchemas;
use Filament\Schemas\Schema;
use Illuminate\Contracts\View\View;
use Livewire\Component;

class CreatePost extends Component implements HasActions, HasSchemas
{
    use InteractsWithActions;
    use InteractsWithSchemas;

    public ?array $data = [];

    public function mount(): void
    {
        $this->form->fill();
    }

    public function form(Schema $schema): Schema
    {
        return $schema
            ->components([
                //
            ])
            ->statePath('data');
    }

    public function submit(): void
    {
        $data = $this->form->getState();

        //
    }

    public function render(): View
    {
        return view('livewire.blog.create-post');
    }
}
