{
    "50": "oklch(0.969 0.006 17.268)",
    "100": "oklch(0.934 0.013 17.391)",
    "200": "oklch(0.836 0.034 17.856)",
    "300": "oklch(0.738 0.058 18.544)",
    "400": "oklch(0.542 0.111 21.418)",
    "500": "oklch(0.381 0.15 28.368)",
    "600": "oklch(0.353 0.139 28.286)",
    "700": "oklch(0.312 0.121 28.065)",
    "800": "oklch(0.269 0.103 27.74)",
    "900": "oklch(0.237 0.089 27.488)",
    "950": "oklch(0.174 0.064 27.075)"
}