{
    "50": "oklch(0.974 0.014 308.298)",
    "100": "oklch(0.949 0.026 308.16)",
    "200": "oklch(0.873 0.067 308.531)",
    "300": "oklch(0.797 0.109 307.848)",
    "400": "oklch(0.654 0.19 305.585)",
    "500": "oklch(0.534 0.25 301.375)",
    "600": "oklch(0.494 0.23 301.49)",
    "700": "oklch(0.435 0.201 301.854)",
    "800": "oklch(0.373 0.168 302.022)",
    "900": "oklch(0.326 0.144 302.578)",
    "950": "oklch(0.239 0.098 302.808)"
}