{
    "50": "oklch(0.987 0.011 149.864)",
    "100": "oklch(0.974 0.023 147.457)",
    "200": "oklch(0.935 0.054 148.466)",
    "300": "oklch(0.896 0.086 148.234)",
    "400": "oklch(0.826 0.149 146.639)",
    "500": "oklch(0.766 0.202 145.137)",
    "600": "oklch(0.709 0.186 145.116)",
    "700": "oklch(0.619 0.16 145.256)",
    "800": "oklch(0.529 0.136 145.165)",
    "900": "oklch(0.456 0.114 145.513)",
    "950": "oklch(0.328 0.077 145.874)"
}