{
    "50": "oklch(0.97717647058824 0.01395454545455 28.368)",
    "100": "oklch(0.95035294117647 0.03272727272727 28.368)",
    "200": "oklch(0.90547058823529 0.06318181818182 28.368)",
    "300": "oklch(0.84047058823529 0.10604545454546 28.368)",
    "400": "oklch(0.75352941176471 0.15027272727273 28.368)",
    "500": "oklch(0.68270588235294 0.17009090909091 28.368)",
    "600": "oklch(0.59782352941176 0.16913636363636 28.368)",
    "700": "oklch(0.51494117647059 0.14940909090909 28.368)",
    "800": "oklch(0.44611764705882 0.12331818181818 28.368)",
    "900": "oklch(0.39458823529412 0.09963636363636 28.368)",
    "950": "oklch(0.27788235294118 0.07136363636364 28.368)"
}