{
    "50": "oklch(0.99 0.019 133.071)",
    "100": "oklch(0.982 0.037 134.081)",
    "200": "oklch(0.956 0.092 134.311)",
    "300": "oklch(0.933 0.146 135.089)",
    "400": "oklch(0.899 0.233 136.492)",
    "500": "oklch(0.879 0.278 139.227)",
    "600": "oklch(0.813 0.257 139.154)",
    "700": "oklch(0.708 0.223 138.998)",
    "800": "oklch(0.601 0.188 138.788)",
    "900": "oklch(0.52 0.162 138.526)",
    "950": "oklch(0.372 0.114 137.89)"
}