{
    "50": "oklch(0.973 0.008 17.286)",
    "100": "oklch(0.946 0.013 17.387)",
    "200": "oklch(0.865 0.035 17.849)",
    "300": "oklch(0.783 0.058 18.463)",
    "400": "oklch(0.622 0.11 20.693)",
    "500": "oklch(0.481 0.16 25.562)",
    "600": "oklch(0.447 0.147 25.435)",
    "700": "oklch(0.394 0.127 25.14)",
    "800": "oklch(0.337 0.106 24.897)",
    "900": "oklch(0.297 0.09 24.421)",
    "950": "oklch(0.222 0.06 23.361)"
}