{
    "50": "oklch(0.994 0.014 106.659)",
    "100": "oklch(0.991 0.029 106.912)",
    "200": "oklch(0.978 0.07 107.635)",
    "300": "oklch(0.966 0.111 108.302)",
    "400": "oklch(0.948 0.173 109.287)",
    "500": "oklch(0.934 0.201 109.732)",
    "600": "oklch(0.863 0.185 109.728)",
    "700": "oklch(0.752 0.161 109.72)",
    "800": "oklch(0.639 0.136 109.707)",
    "900": "oklch(0.551 0.117 109.696)",
    "950": "oklch(0.393 0.082 109.648)"
}