{
    "50": "oklch(1 0 89.876)",
    "100": "oklch(1 0 89.876)",
    "200": "oklch(1 0 89.876)",
    "300": "oklch(1 0 89.876)",
    "400": "oklch(1 0 89.876)",
    "500": "oklch(1 0 89.876)",
    "600": "oklch(0.925 0 89.876)",
    "700": "oklch(0.805 0 89.876)",
    "800": "oklch(0.683 0 89.876)",
    "900": "oklch(0.59 0 89.876)",
    "950": "oklch(0.42 0 89.876)"
}