{
    "50": "oklch(0.961 0 89.876)",
    "100": "oklch(0.925 0 89.876)",
    "200": "oklch(0.805 0 89.876)",
    "300": "oklch(0.683 0 89.876)",
    "400": "oklch(0.42 0 89.876)",
    "500": "oklch(0 0 0)",
    "600": "oklch(0 0 0)",
    "700": "oklch(0 0 0)",
    "800": "oklch(0 0 0)",
    "900": "oklch(0 0 0)",
    "950": "oklch(0 0 0)"
}