[
    "fi-color",
    "fi-color-danger",
    "fi-text-color-700",
    "dark:fi-text-color-200"
]