<?php

namespace App\Filament\Infolists\Components;

use Filament\Infolists\Components\Entry;

class CustomEntry extends Entry
{
    protected string $view = 'filament.infolists.components.custom-entry';
}
