<?php

namespace App\Filament\Resources\UserResource\Pages;

use App\Filament\Resources\TeamResource;
use App\Filament\Resources\UserResource;
use BackedEnum;
use Filament\Actions;
use Filament\Resources\Pages\ManageRelatedRecords;
use Filament\Support\Icons\Heroicon;
use Filament\Tables\Table;

class ManageUserTeams extends ManageRelatedRecords
{
    protected static string $resource = UserResource::class;

    protected static string $relationship = 'teams';

    protected static string|BackedEnum|null $navigationIcon = Heroicon::OutlinedRectangleStack;

    protected static ?string $relatedResource = TeamResource::class;

    public function table(Table $table): Table
    {
        return $table
            ->headerActions([
                Actions\CreateAction::make(),
            ]);
    }
}
